[
  {
    "comparison": {
      "file_name": "BESMod.Systems.Hydraulical.Generation.Tests.HeatPumpAndGasBoilerParallel.mat",
      "funnel_dirs": [
        null,
        null,
        null,
        null,
        null,
        null,
        null,
        null,
        null,
        null,
        null
      ],
      "success_rate": 0.0,
      "t_err_max": [
        0,
        0,
        0,
        0,
        0,
        0,
        0,
        0,
        0,
        0,
        0
      ],
      "test_passed": [
        0,
        0,
        0,
        0,
        0,
        0,
        0,
        0,
        0,
        0,
        0
      ],
      "var_groups": [
        0,
        0,
        1,
        1,
        1,
        2,
        2,
        2,
        2,
        3,
        3
      ],
      "variables": [
        "genControlBus.TGenOutMea",
        "generation.TSup_nominal[1]",
        "generation.boi.vol.heatPort.Q_flow",
        "generation.heatPump.con.Q_flow",
        "generation.Q_flow_design[1]",
        "generation.boi.m_flow",
        "generation.mBoi_flow_nominal",
        "generation.heatPump.con.m_flow",
        "generation.m_flow_design[1]",
        "pumDis[1].dpControlled_dp.dp_actual",
        "generation.dp_design[1]"
      ],
      "warnings": [
        "Translation, simulation or extracting simulation results failed. IOError while reading /tmp/tmp-BESMod-0-vq__m1s7/BESMod/BESMod.Systems.Hydraulical.Generation.Tests.HeatPumpAndGasBoilerParallel.mat generated by Systems/Hydraulical/Generation/Tests/HeatPumpAndGasBoilerParallel.mos.\nFile /tmp/tmp-BESMod-0-vq__m1s7/BESMod/BESMod.Systems.Hydraulical.Generation.Tests.HeatPumpAndGasBoilerParallel.mat does not exist.\n",
        "",
        "",
        "",
        "",
        "",
        "",
        "",
        "",
        "",
        ""
      ]
    },
    "model": "BESMod.Systems.Hydraulical.Generation.Tests.HeatPumpAndGasBoilerParallel",
    "simulation": {
      "elapsed_time": 0,
      "final_time": 3600,
      "jacobians": 0,
      "start_time": 0,
      "state_events": 0,
      "success": false
    }
  },
  {
    "comparison": {
      "file_name": "BESMod.Systems.Hydraulical.Generation.Tests.HeatPumpAndElectricHeater.mat",
      "funnel_dirs": [
        null,
        null,
        null,
        null,
        null,
        null,
        null,
        null
      ],
      "success_rate": 0.0,
      "t_err_max": [
        0,
        0,
        0,
        0,
        0,
        0,
        0,
        0
      ],
      "test_passed": [
        0,
        0,
        0,
        0,
        0,
        0,
        0,
        0
      ],
      "var_groups": [
        0,
        0,
        1,
        1,
        2,
        2,
        3,
        3
      ],
      "variables": [
        "genControlBus.TGenOutMea",
        "generation.TSup_nominal[1]",
        "fixedTemperature[1].port.Q_flow",
        "generation.Q_flow_design[1]",
        "pumDis[1].port_a.m_flow",
        "generation.m_flow_design[1]",
        "pumDis[1].dpControlled_dp.dp_actual",
        "generation.dp_design[1]"
      ],
      "warnings": [
        "Translation, simulation or extracting simulation results failed. IOError while reading /tmp/tmp-BESMod-0-vq__m1s7/BESMod/BESMod.Systems.Hydraulical.Generation.Tests.HeatPumpAndElectricHeater.mat generated by Systems/Hydraulical/Generation/Tests/HeatPumpAndElectricHeater.mos.\nFile /tmp/tmp-BESMod-0-vq__m1s7/BESMod/BESMod.Systems.Hydraulical.Generation.Tests.HeatPumpAndElectricHeater.mat does not exist.\n",
        "",
        "",
        "",
        "",
        "",
        "",
        ""
      ]
    },
    "model": "BESMod.Systems.Hydraulical.Generation.Tests.HeatPumpAndElectricHeater",
    "simulation": {
      "elapsed_time": 0,
      "final_time": 3600,
      "jacobians": 0,
      "start_time": 0,
      "state_events": 0,
      "success": false
    }
  },
  {
    "comparison": {
      "file_name": "BESMod.Systems.Hydraulical.Distribution.Tests.TwoStoDetailedDirectLoading.mat",
      "funnel_dirs": [
        null,
        null,
        null,
        null,
        null,
        null,
        null,
        null,
        null,
        null
      ],
      "success_rate": 0.0,
      "t_err_max": [
        0,
        0,
        0,
        0,
        0,
        0,
        0,
        0,
        0,
        0
      ],
      "test_passed": [
        0,
        0,
        0,
        0,
        0,
        0,
        0,
        0,
        0,
        0
      ],
      "var_groups": [
        0,
        0,
        0,
        0,
        1,
        1,
        1,
        1,
        2,
        2
      ],
      "variables": [
        "resTra[1].m_flow",
        "resTra[1].m_flow_nominal",
        "resGen[1].m_flow",
        "resGen[1].m_flow_nominal",
        "distribution.pumTra.dpControlled_dp.dp_actual",
        "distribution.pumTra.dpControlled_dp.dp_nominal",
        "distribution.pumGen.dpControlled_dp.dp_actual",
        "distribution.pumGen.dpControlled_dp.dp_nominal",
        "fixTSup[1].T",
        "distribution.senTBuiSup.T"
      ],
      "warnings": [
        "Translation, simulation or extracting simulation results failed. IOError while reading /tmp/tmp-BESMod-0-vq__m1s7/BESMod/BESMod.Systems.Hydraulical.Distribution.Tests.TwoStoDetailedDirectLoading.mat generated by Systems/Hydraulical/Distribution/Tests/TwoStoDetailedDirectLoading.mos.\nFile /tmp/tmp-BESMod-0-vq__m1s7/BESMod/BESMod.Systems.Hydraulical.Distribution.Tests.TwoStoDetailedDirectLoading.mat does not exist.\n",
        "",
        "",
        "",
        "",
        "",
        "",
        "",
        "",
        ""
      ]
    },
    "model": "BESMod.Systems.Hydraulical.Distribution.Tests.TwoStoDetailedDirectLoading",
    "simulation": {
      "elapsed_time": 0,
      "final_time": 3600,
      "jacobians": 0,
      "start_time": 0,
      "state_events": 0,
      "success": false
    }
  },
  {
    "comparison": {
      "file_name": "BESMod.Systems.Hydraulical.Components.PreconfiguredControlledMovers.PreconfiguredOptions.mat",
      "funnel_dirs": [
        null,
        null,
        null,
        null,
        null,
        null,
        null,
        null,
        null,
        null,
        null
      ],
      "success_rate": 0.0,
      "t_err_max": [
        0,
        0,
        0,
        0,
        0,
        0,
        0,
        0,
        0,
        0,
        0
      ],
      "test_passed": [
        0,
        0,
        0,
        0,
        0,
        0,
        0,
        0,
        0,
        0,
        0
      ],
      "var_groups": [
        0,
        0,
        0,
        0,
        0,
        0,
        1,
        1,
        1,
        1,
        1
      ],
      "variables": [
        "pumDPConst.m_flow_nominal",
        "pumDPConst.port_a.m_flow",
        "pumDPVar.port_a.m_flow",
        "pumDPTotal.port_a.m_flow",
        "pumDPVarOnOff.port_a.m_flow",
        "pumSpeed.speedControlled_y.m_flow",
        "pumDPConst.P",
        "pumDPVar.P",
        "pumDPTotal.P",
        "pumDPVarOnOff.P",
        "pumSpeed.P"
      ],
      "warnings": [
        "Translation, simulation or extracting simulation results failed. IOError while reading /tmp/tmp-BESMod-0-vq__m1s7/BESMod/BESMod.Systems.Hydraulical.Components.PreconfiguredControlledMovers.PreconfiguredOptions.mat generated by Systems/Hydraulical/Components/PreconfiguredControlledMovers/PreconfiguredOptions.mos.\nFile /tmp/tmp-BESMod-0-vq__m1s7/BESMod/BESMod.Systems.Hydraulical.Components.PreconfiguredControlledMovers.PreconfiguredOptions.mat does not exist.\n",
        "",
        "",
        "",
        "",
        "",
        "",
        "",
        "",
        "",
        ""
      ]
    },
    "model": "BESMod.Systems.Hydraulical.Components.PreconfiguredControlledMovers.PreconfiguredOptions",
    "simulation": {
      "elapsed_time": 0,
      "final_time": 3600,
      "jacobians": 0,
      "start_time": 0,
      "state_events": 0,
      "success": false
    }
  },
  {
    "comparison": {
      "file_name": "BESMod.Systems.Hydraulical.Transfer.Tests.TestPressureBasedSystem.mat",
      "funnel_dirs": [
        "funnel_comp/BESMod.Systems.Hydraulical.Transfer.Tests.TestPressureBasedSystem.mat_Q_flow[1].y",
        "funnel_comp/BESMod.Systems.Hydraulical.Transfer.Tests.TestPressureBasedSystem.mat_transfer.Q_flow_design[1]",
        "funnel_comp/BESMod.Systems.Hydraulical.Transfer.Tests.TestPressureBasedSystem.mat_pumDis[1].port_a.m_flow",
        "funnel_comp/BESMod.Systems.Hydraulical.Transfer.Tests.TestPressureBasedSystem.mat_transfer.mSup_flow_design[1]",
        "funnel_comp/BESMod.Systems.Hydraulical.Transfer.Tests.TestPressureBasedSystem.mat_pumDis[1].dpControlled_dp.dp_actual",
        "funnel_comp/BESMod.Systems.Hydraulical.Transfer.Tests.TestPressureBasedSystem.mat_transfer.dpSup_design[1]"
      ],
      "success_rate": 1.0,
      "t_err_max": [
        0.0,
        0.0,
        0.0,
        0.0,
        0.0,
        0.0
      ],
      "test_passed": [
        1,
        1,
        1,
        1,
        1,
        1
      ],
      "var_groups": [
        0,
        0,
        1,
        1,
        2,
        2
      ],
      "variables": [
        "Q_flow[1].y",
        "transfer.Q_flow_design[1]",
        "pumDis[1].port_a.m_flow",
        "transfer.mSup_flow_design[1]",
        "pumDis[1].dpControlled_dp.dp_actual",
        "transfer.dpSup_design[1]"
      ],
      "warnings": [
        null,
        null,
        null,
        null,
        null,
        null
      ]
    },
    "model": "BESMod.Systems.Hydraulical.Transfer.Tests.TestPressureBasedSystem",
    "simulation": {
      "elapsed_time": 0.00859284,
      "final_time": 12000,
      "jacobians": 5,
      "start_time": 0,
      "state_events": 0,
      "success": true
    }
  },
  {
    "comparison": {
      "file_name": "BESMod.Systems.Hydraulical.Distribution.Tests.TwoStoragesBoilerWithDHW.mat",
      "funnel_dirs": [
        null,
        null,
        null,
        null,
        null,
        null,
        null,
        null,
        null,
        null,
        null,
        null
      ],
      "success_rate": 0.0,
      "t_err_max": [
        0,
        0,
        0,
        0,
        0,
        0,
        0,
        0,
        0,
        0,
        0,
        0
      ],
      "test_passed": [
        0,
        0,
        0,
        0,
        0,
        0,
        0,
        0,
        0,
        0,
        0,
        0
      ],
      "var_groups": [
        0,
        0,
        0,
        0,
        0,
        0,
        1,
        1,
        1,
        1,
        2,
        2
      ],
      "variables": [
        "resTra[1].m_flow",
        "resTra[1].m_flow_nominal",
        "resGen[1].m_flow",
        "resGen[1].m_flow_nominal",
        "distribution.pumBoi.dpControlled_dp.m_flow",
        "distribution.mBoi_flow_nominal",
        "distribution.pumTra.dpControlled_dp.dp_actual",
        "distribution.pumTra.dpControlled_dp.dp_nominal",
        "distribution.pumGen.dpControlled_dp.dp_actual",
        "distribution.pumGen.dpControlled_dp.dp_nominal",
        "fixTSup[1].T",
        "sigBusDistr.TBuiSupMea"
      ],
      "warnings": [
        "Translation, simulation or extracting simulation results failed. IOError while reading /tmp/tmp-BESMod-1-j2e2osp_/BESMod/BESMod.Systems.Hydraulical.Distribution.Tests.TwoStoragesBoilerWithDHW.mat generated by Systems/Hydraulical/Distribution/Tests/TwoStoragesBoilerWithDHW.mos.\nFile /tmp/tmp-BESMod-1-j2e2osp_/BESMod/BESMod.Systems.Hydraulical.Distribution.Tests.TwoStoragesBoilerWithDHW.mat does not exist.\n",
        "",
        "",
        "",
        "",
        "",
        "",
        "",
        "",
        "",
        "",
        ""
      ]
    },
    "model": "BESMod.Systems.Hydraulical.Distribution.Tests.TwoStoragesBoilerWithDHW",
    "simulation": {
      "elapsed_time": 0,
      "final_time": 3600,
      "jacobians": 0,
      "start_time": 0,
      "state_events": 0,
      "success": false
    }
  },
  {
    "comparison": {
      "file_name": "BESMod.Systems.Hydraulical.Distribution.Tests.BuildingOnly.mat",
      "funnel_dirs": [
        null,
        null,
        null,
        null,
        null,
        null
      ],
      "success_rate": 0.0,
      "t_err_max": [
        0,
        0,
        0,
        0,
        0,
        0
      ],
      "test_passed": [
        0,
        0,
        0,
        0,
        0,
        0
      ],
      "var_groups": [
        0,
        0,
        0,
        0,
        1,
        1
      ],
      "variables": [
        "resTra[1].m_flow",
        "resTra[1].m_flow_nominal",
        "resGen[1].m_flow",
        "resGen[1].m_flow_nominal",
        "distribution.pump.dpControlled_dp.dp_actual",
        "distribution.pump.dpControlled_dp.dp_nominal"
      ],
      "warnings": [
        "Translation, simulation or extracting simulation results failed. IOError while reading /tmp/tmp-BESMod-1-j2e2osp_/BESMod/BESMod.Systems.Hydraulical.Distribution.Tests.BuildingOnly.mat generated by Systems/Hydraulical/Distribution/Tests/BuildingOnly.mos.\nFile /tmp/tmp-BESMod-1-j2e2osp_/BESMod/BESMod.Systems.Hydraulical.Distribution.Tests.BuildingOnly.mat does not exist.\n",
        "",
        "",
        "",
        "",
        ""
      ]
    },
    "model": "BESMod.Systems.Hydraulical.Distribution.Tests.BuildingOnly",
    "simulation": {
      "elapsed_time": 0,
      "final_time": 3600,
      "jacobians": 0,
      "start_time": 0,
      "state_events": 0,
      "success": false
    }
  },
  {
    "comparison": {
      "file_name": "BESMod.Systems.Hydraulical.Generation.Tests.SimpleSolarThermalWithHeatPump.mat",
      "funnel_dirs": [
        null,
        null,
        null,
        null,
        null,
        null,
        null,
        null,
        null,
        null,
        null,
        null
      ],
      "success_rate": 0.0,
      "t_err_max": [
        0,
        0,
        0,
        0,
        0,
        0,
        0,
        0,
        0,
        0,
        0,
        0
      ],
      "test_passed": [
        0,
        0,
        0,
        0,
        0,
        0,
        0,
        0,
        0,
        0,
        0,
        0
      ],
      "var_groups": [
        0,
        0,
        1,
        1,
        2,
        2,
        2,
        2,
        3,
        3,
        3,
        3
      ],
      "variables": [
        "genControlBus.TGenOutMea",
        "generation.TSup_nominal[1]",
        "fixedTemperature[1].port.Q_flow",
        "generation.Q_flow_design[1]",
        "pumDis[1].port_a.m_flow",
        "generation.m_flow_design[1]",
        "pumDis[2].port_a.m_flow",
        "generation.m_flow_design[2]",
        "pumDis[1].dpControlled_dp.dp_actual",
        "generation.dp_design[1]",
        "pumDis[2].dpControlled_dp.dp_actual",
        "generation.dp_design[2]"
      ],
      "warnings": [
        "Translation, simulation or extracting simulation results failed. IOError while reading /tmp/tmp-BESMod-1-j2e2osp_/BESMod/BESMod.Systems.Hydraulical.Generation.Tests.SimpleSolarThermalWithHeatPump.mat generated by Systems/Hydraulical/Generation/Tests/SimpleSolarThermalWithHeatPump.mos.\nFile /tmp/tmp-BESMod-1-j2e2osp_/BESMod/BESMod.Systems.Hydraulical.Generation.Tests.SimpleSolarThermalWithHeatPump.mat does not exist.\n",
        "",
        "",
        "",
        "",
        "",
        "",
        "",
        "",
        "",
        "",
        ""
      ]
    },
    "model": "BESMod.Systems.Hydraulical.Generation.Tests.SimpleSolarThermalWithHeatPump",
    "simulation": {
      "elapsed_time": 0,
      "final_time": 3600,
      "jacobians": 0,
      "start_time": 0,
      "state_events": 0,
      "success": false
    }
  },
  {
    "comparison": {
      "file_name": "BESMod.Systems.Hydraulical.Generation.Tests.HeatPumpAndGasBoilerSeries.mat",
      "funnel_dirs": [
        null,
        null,
        null,
        null,
        null,
        null,
        null,
        null
      ],
      "success_rate": 0.0,
      "t_err_max": [
        0,
        0,
        0,
        0,
        0,
        0,
        0,
        0
      ],
      "test_passed": [
        0,
        0,
        0,
        0,
        0,
        0,
        0,
        0
      ],
      "var_groups": [
        0,
        0,
        1,
        1,
        2,
        2,
        3,
        3
      ],
      "variables": [
        "genControlBus.TGenOutMea",
        "generation.TSup_nominal[1]",
        "fixedTemperature[1].port.Q_flow",
        "generation.Q_flow_design[1]",
        "pumDis[1].port_a.m_flow",
        "generation.m_flow_design[1]",
        "pumDis[1].dpControlled_dp.dp_actual",
        "generation.dp_design[1]"
      ],
      "warnings": [
        "Translation, simulation or extracting simulation results failed. IOError while reading /tmp/tmp-BESMod-1-j2e2osp_/BESMod/BESMod.Systems.Hydraulical.Generation.Tests.HeatPumpAndGasBoilerSeries.mat generated by Systems/Hydraulical/Generation/Tests/HeatPumpAndGasBoilerSeries.mos.\nFile /tmp/tmp-BESMod-1-j2e2osp_/BESMod/BESMod.Systems.Hydraulical.Generation.Tests.HeatPumpAndGasBoilerSeries.mat does not exist.\n",
        "",
        "",
        "",
        "",
        "",
        "",
        ""
      ]
    },
    "model": "BESMod.Systems.Hydraulical.Generation.Tests.HeatPumpAndGasBoilerSeries",
    "simulation": {
      "elapsed_time": 0,
      "final_time": 3600,
      "jacobians": 0,
      "start_time": 0,
      "state_events": 0,
      "success": false
    }
  },
  {
    "comparison": {
      "file_name": "BESMod.Systems.Hydraulical.Transfer.Tests.TestIdealValveRadiatorSystem.mat",
      "funnel_dirs": [
        "funnel_comp/BESMod.Systems.Hydraulical.Transfer.Tests.TestIdealValveRadiatorSystem.mat_Q_flow[1].y",
        "funnel_comp/BESMod.Systems.Hydraulical.Transfer.Tests.TestIdealValveRadiatorSystem.mat_transfer.Q_flow_design[1]",
        "funnel_comp/BESMod.Systems.Hydraulical.Transfer.Tests.TestIdealValveRadiatorSystem.mat_pumDis[1].port_a.m_flow",
        "funnel_comp/BESMod.Systems.Hydraulical.Transfer.Tests.TestIdealValveRadiatorSystem.mat_transfer.mSup_flow_design[1]",
        "funnel_comp/BESMod.Systems.Hydraulical.Transfer.Tests.TestIdealValveRadiatorSystem.mat_pumDis[1].dpControlled_dp.dp_actual",
        "funnel_comp/BESMod.Systems.Hydraulical.Transfer.Tests.TestIdealValveRadiatorSystem.mat_transfer.dpSup_design[1]"
      ],
      "success_rate": 1.0,
      "t_err_max": [
        0.0,
        0.0,
        0.0,
        0.0,
        0.0,
        0.0
      ],
      "test_passed": [
        1,
        1,
        1,
        1,
        1,
        1
      ],
      "var_groups": [
        0,
        0,
        1,
        1,
        2,
        2
      ],
      "variables": [
        "Q_flow[1].y",
        "transfer.Q_flow_design[1]",
        "pumDis[1].port_a.m_flow",
        "transfer.mSup_flow_design[1]",
        "pumDis[1].dpControlled_dp.dp_actual",
        "transfer.dpSup_design[1]"
      ],
      "warnings": [
        null,
        null,
        null,
        null,
        null,
        null
      ]
    },
    "model": "BESMod.Systems.Hydraulical.Transfer.Tests.TestIdealValveRadiatorSystem",
    "simulation": {
      "elapsed_time": 0.014019,
      "final_time": 12000,
      "jacobians": 7,
      "start_time": 0,
      "state_events": 0,
      "success": true
    }
  },
  {
    "comparison": {
      "file_name": "BESMod.Systems.Hydraulical.Transfer.Tests.TestPressureBasedSystemWithReliefValve.mat",
      "funnel_dirs": [
        null,
        null,
        null,
        null,
        null,
        null
      ],
      "success_rate": 0.0,
      "t_err_max": [
        0,
        0,
        0,
        0,
        0,
        0
      ],
      "test_passed": [
        0,
        0,
        0,
        0,
        0,
        0
      ],
      "var_groups": [
        0,
        0,
        1,
        1,
        2,
        2
      ],
      "variables": [
        "Q_flow[1].y",
        "transfer.Q_flow_design[1]",
        "pumDis[1].port_a.m_flow",
        "transfer.mSup_flow_design[1]",
        "pumDis[1].dpControlled_dp.dp_actual",
        "transfer.dpSup_design[1]"
      ],
      "warnings": [
        "Translation, simulation or extracting simulation results failed. IOError while reading /tmp/tmp-BESMod-2-l5g66rb_/BESMod/BESMod.Systems.Hydraulical.Transfer.Tests.TestPressureBasedSystemWithReliefValve.mat generated by Systems/Hydraulical/Transfer/Tests/TestPressureBasedSystemWithReliefValve.mos.\nFile /tmp/tmp-BESMod-2-l5g66rb_/BESMod/BESMod.Systems.Hydraulical.Transfer.Tests.TestPressureBasedSystemWithReliefValve.mat does not exist.\n",
        "",
        "",
        "",
        "",
        ""
      ]
    },
    "model": "BESMod.Systems.Hydraulical.Transfer.Tests.TestPressureBasedSystemWithReliefValve",
    "simulation": {
      "elapsed_time": 0,
      "final_time": 12000,
      "jacobians": 0,
      "start_time": 0,
      "state_events": 0,
      "success": false
    }
  },
  {
    "comparison": {
      "file_name": "BESMod.Systems.Hydraulical.Distribution.Tests.DHWDesign.mat",
      "funnel_dirs": [
        "funnel_comp/BESMod.Systems.Hydraulical.Distribution.Tests.DHWDesign.mat_fullStorage.QDHWBefSto_flow_nominal",
        "funnel_comp/BESMod.Systems.Hydraulical.Distribution.Tests.DHWDesign.mat_partStorage.QDHWBefSto_flow_nominal",
        "funnel_comp/BESMod.Systems.Hydraulical.Distribution.Tests.DHWDesign.mat_fullStorage.VStoDHWLos",
        "funnel_comp/BESMod.Systems.Hydraulical.Distribution.Tests.DHWDesign.mat_partStorage.VStoDHWLos"
      ],
      "success_rate": 1.0,
      "t_err_max": [
        0.0,
        0.0,
        0.0,
        0.0
      ],
      "test_passed": [
        1,
        1,
        1,
        1
      ],
      "var_groups": [
        0,
        0,
        1,
        1
      ],
      "variables": [
        "fullStorage.QDHWBefSto_flow_nominal",
        "partStorage.QDHWBefSto_flow_nominal",
        "fullStorage.VStoDHWLos",
        "partStorage.VStoDHWLos"
      ],
      "warnings": [
        null,
        null,
        null,
        null
      ]
    },
    "model": "BESMod.Systems.Hydraulical.Distribution.Tests.DHWDesign",
    "simulation": {
      "elapsed_time": 0.00292516,
      "final_time": 1,
      "jacobians": 1,
      "start_time": 0,
      "state_events": 0,
      "success": true
    }
  },
  {
    "comparison": {
      "file_name": "BESMod.Systems.Hydraulical.Distribution.Tests.SimpleTwoStorageParallel.mat",
      "funnel_dirs": [
        null,
        null,
        null,
        null,
        null,
        null,
        null,
        null,
        null,
        null
      ],
      "success_rate": 0.0,
      "t_err_max": [
        0,
        0,
        0,
        0,
        0,
        0,
        0,
        0,
        0,
        0
      ],
      "test_passed": [
        0,
        0,
        0,
        0,
        0,
        0,
        0,
        0,
        0,
        0
      ],
      "var_groups": [
        0,
        0,
        0,
        0,
        1,
        1,
        1,
        1,
        2,
        2
      ],
      "variables": [
        "resTra[1].m_flow",
        "resTra[1].m_flow_nominal",
        "resGen[1].m_flow",
        "resGen[1].m_flow_nominal",
        "distribution.pumTra.dpControlled_dp.dp_actual",
        "distribution.pumTra.dpControlled_dp.dp_nominal",
        "distribution.pumGen.dpControlled_dp.dp_actual",
        "distribution.pumGen.dpControlled_dp.dp_nominal",
        "fixTSup[1].T",
        "sigBusDistr.TStoBufTopMea"
      ],
      "warnings": [
        "Translation, simulation or extracting simulation results failed. IOError while reading /tmp/tmp-BESMod-2-l5g66rb_/BESMod/BESMod.Systems.Hydraulical.Distribution.Tests.SimpleTwoStorageParallel.mat generated by Systems/Hydraulical/Distribution/Tests/SimpleTwoStorageParallel.mos.\nFile /tmp/tmp-BESMod-2-l5g66rb_/BESMod/BESMod.Systems.Hydraulical.Distribution.Tests.SimpleTwoStorageParallel.mat does not exist.\n",
        "",
        "",
        "",
        "",
        "",
        "",
        "",
        "",
        ""
      ]
    },
    "model": "BESMod.Systems.Hydraulical.Distribution.Tests.SimpleTwoStorageParallel",
    "simulation": {
      "elapsed_time": 0,
      "final_time": 3600,
      "jacobians": 0,
      "start_time": 0,
      "state_events": 0,
      "success": false
    }
  },
  {
    "comparison": {
      "file_name": "BESMod.Systems.Hydraulical.Generation.Tests.HeatPump.mat",
      "funnel_dirs": [
        null,
        null,
        null,
        null,
        null,
        null,
        null,
        null
      ],
      "success_rate": 0.0,
      "t_err_max": [
        0,
        0,
        0,
        0,
        0,
        0,
        0,
        0
      ],
      "test_passed": [
        0,
        0,
        0,
        0,
        0,
        0,
        0,
        0
      ],
      "var_groups": [
        0,
        0,
        1,
        1,
        2,
        2,
        3,
        3
      ],
      "variables": [
        "genControlBus.TGenOutMea",
        "generation.TSup_nominal[1]",
        "fixedTemperature[1].port.Q_flow",
        "generation.Q_flow_design[1]",
        "pumDis[1].port_a.m_flow",
        "generation.m_flow_design[1]",
        "pumDis[1].dpControlled_dp.dp_actual",
        "generation.dp_design[1]"
      ],
      "warnings": [
        "Translation, simulation or extracting simulation results failed. IOError while reading /tmp/tmp-BESMod-2-l5g66rb_/BESMod/BESMod.Systems.Hydraulical.Generation.Tests.HeatPump.mat generated by Systems/Hydraulical/Generation/Tests/HeatPump.mos.\nFile /tmp/tmp-BESMod-2-l5g66rb_/BESMod/BESMod.Systems.Hydraulical.Generation.Tests.HeatPump.mat does not exist.\n",
        "",
        "",
        "",
        "",
        "",
        "",
        ""
      ]
    },
    "model": "BESMod.Systems.Hydraulical.Generation.Tests.HeatPump",
    "simulation": {
      "elapsed_time": 0,
      "final_time": 3600,
      "jacobians": 0,
      "start_time": 0,
      "state_events": 0,
      "success": false
    }
  },
  {
    "comparison": {
      "file_name": "BESMod.Systems.Hydraulical.Generation.Tests.ElectricalHeater.mat",
      "funnel_dirs": [
        null,
        null,
        null,
        null,
        null,
        null,
        null,
        null
      ],
      "success_rate": 0.0,
      "t_err_max": [
        0,
        0,
        0,
        0,
        0,
        0,
        0,
        0
      ],
      "test_passed": [
        0,
        0,
        0,
        0,
        0,
        0,
        0,
        0
      ],
      "var_groups": [
        0,
        0,
        1,
        1,
        2,
        2,
        3,
        3
      ],
      "variables": [
        "genControlBus.TGenOutMea",
        "generation.TSup_nominal[1]",
        "fixedTemperature[1].port.Q_flow",
        "generation.Q_flow_design[1]",
        "pumDis[1].port_a.m_flow",
        "generation.m_flow_design[1]",
        "pumDis[1].dpControlled_dp.dp_actual",
        "generation.dp_design[1]"
      ],
      "warnings": [
        "Translation, simulation or extracting simulation results failed. IOError while reading /tmp/tmp-BESMod-2-l5g66rb_/BESMod/BESMod.Systems.Hydraulical.Generation.Tests.ElectricalHeater.mat generated by Systems/Hydraulical/Generation/Tests/ElectricalHeater.mos.\nFile /tmp/tmp-BESMod-2-l5g66rb_/BESMod/BESMod.Systems.Hydraulical.Generation.Tests.ElectricalHeater.mat does not exist.\n",
        "",
        "",
        "",
        "",
        "",
        "",
        ""
      ]
    },
    "model": "BESMod.Systems.Hydraulical.Generation.Tests.ElectricalHeater",
    "simulation": {
      "elapsed_time": 0,
      "final_time": 3600,
      "jacobians": 0,
      "start_time": 0,
      "state_events": 0,
      "success": false
    }
  },
  {
    "comparison": {
      "file_name": "BESMod.Systems.Hydraulical.Transfer.Tests.TestUnderfloorHeating.mat",
      "funnel_dirs": [
        "funnel_comp/BESMod.Systems.Hydraulical.Transfer.Tests.TestUnderfloorHeating.mat_Q_flow[1].y",
        "funnel_comp/BESMod.Systems.Hydraulical.Transfer.Tests.TestUnderfloorHeating.mat_transfer.Q_flow_design[1]",
        "funnel_comp/BESMod.Systems.Hydraulical.Transfer.Tests.TestUnderfloorHeating.mat_pumDis[1].port_a.m_flow",
        "funnel_comp/BESMod.Systems.Hydraulical.Transfer.Tests.TestUnderfloorHeating.mat_transfer.mSup_flow_design[1]",
        "funnel_comp/BESMod.Systems.Hydraulical.Transfer.Tests.TestUnderfloorHeating.mat_pumDis[1].dpControlled_dp.dp_actual",
        "funnel_comp/BESMod.Systems.Hydraulical.Transfer.Tests.TestUnderfloorHeating.mat_transfer.dpSup_design[1]"
      ],
      "success_rate": 1.0,
      "t_err_max": [
        0.0,
        0.0,
        0.0,
        0.0,
        0.0,
        0.0
      ],
      "test_passed": [
        1,
        1,
        1,
        1,
        1,
        1
      ],
      "var_groups": [
        0,
        0,
        1,
        1,
        2,
        2
      ],
      "variables": [
        "Q_flow[1].y",
        "transfer.Q_flow_design[1]",
        "pumDis[1].port_a.m_flow",
        "transfer.mSup_flow_design[1]",
        "pumDis[1].dpControlled_dp.dp_actual",
        "transfer.dpSup_design[1]"
      ],
      "warnings": [
        null,
        null,
        null,
        null,
        null,
        null
      ]
    },
    "model": "BESMod.Systems.Hydraulical.Transfer.Tests.TestUnderfloorHeating",
    "simulation": {
      "elapsed_time": 0.0154281,
      "final_time": 36000,
      "jacobians": 5,
      "start_time": 0,
      "state_events": 0,
      "success": true
    }
  },
  {
    "comparison": {
      "file_name": "BESMod.Systems.Hydraulical.Generation.Tests.DetailedSolarThermalWithHeatPump.mat",
      "funnel_dirs": [
        null,
        null,
        null,
        null,
        null,
        null,
        null,
        null,
        null,
        null,
        null,
        null
      ],
      "success_rate": 0.0,
      "t_err_max": [
        0,
        0,
        0,
        0,
        0,
        0,
        0,
        0,
        0,
        0,
        0,
        0
      ],
      "test_passed": [
        0,
        0,
        0,
        0,
        0,
        0,
        0,
        0,
        0,
        0,
        0,
        0
      ],
      "var_groups": [
        0,
        0,
        1,
        1,
        2,
        2,
        2,
        2,
        3,
        3,
        3,
        3
      ],
      "variables": [
        "genControlBus.TGenOutMea",
        "generation.TSup_nominal[1]",
        "fixedTemperature[1].port.Q_flow",
        "generation.Q_flow_design[1]",
        "pumDis[1].port_a.m_flow",
        "generation.m_flow_design[1]",
        "pumDis[2].port_a.m_flow",
        "generation.m_flow_design[2]",
        "pumDis[1].dpControlled_dp.dp_actual",
        "generation.dp_design[1]",
        "pumDis[2].dpControlled_dp.dp_actual",
        "generation.dp_design[2]"
      ],
      "warnings": [
        "Translation, simulation or extracting simulation results failed. IOError while reading /tmp/tmp-BESMod-3-sa6xqy7d/BESMod/BESMod.Systems.Hydraulical.Generation.Tests.DetailedSolarThermalWithHeatPump.mat generated by Systems/Hydraulical/Generation/Tests/DetailedSolarThermalWithHeatPump.mos.\nFile /tmp/tmp-BESMod-3-sa6xqy7d/BESMod/BESMod.Systems.Hydraulical.Generation.Tests.DetailedSolarThermalWithHeatPump.mat does not exist.\n",
        "",
        "",
        "",
        "",
        "",
        "",
        "",
        "",
        "",
        "",
        ""
      ]
    },
    "model": "BESMod.Systems.Hydraulical.Generation.Tests.DetailedSolarThermalWithHeatPump",
    "simulation": {
      "elapsed_time": 0,
      "final_time": 3600,
      "jacobians": 0,
      "start_time": 0,
      "state_events": 0,
      "success": false
    }
  },
  {
    "comparison": {
      "file_name": "BESMod.Systems.Hydraulical.Distribution.Tests.CombiStorage.mat",
      "funnel_dirs": [
        null,
        null,
        null,
        null,
        null,
        null,
        null,
        null,
        null,
        null,
        null,
        null,
        null,
        null
      ],
      "success_rate": 0.0,
      "t_err_max": [
        0,
        0,
        0,
        0,
        0,
        0,
        0,
        0,
        0,
        0,
        0,
        0,
        0,
        0
      ],
      "test_passed": [
        0,
        0,
        0,
        0,
        0,
        0,
        0,
        0,
        0,
        0,
        0,
        0,
        0,
        0
      ],
      "var_groups": [
        0,
        0,
        0,
        0,
        0,
        0,
        1,
        1,
        1,
        1,
        1,
        1,
        2,
        2
      ],
      "variables": [
        "resTra[1].m_flow",
        "resTra[1].m_flow_nominal",
        "resGen[1].m_flow",
        "resGen[1].m_flow_nominal",
        "resGen[2].m_flow",
        "resGen[2].m_flow_nominal",
        "distribution.pumTra.dpControlled_dp.dp_actual",
        "distribution.pumTra.dpControlled_dp.dp_nominal",
        "distribution.pumGen.dpControlled_dp.dp_actual",
        "distribution.pumGen.dpControlled_dp.dp_nominal",
        "distribution.pumGenSec.dpControlled_dp.dp_actual",
        "distribution.pumGenSec.dpControlled_dp.dp_nominal",
        "fixTSup[1].T",
        "sigBusDistr.TStoBufTopMea"
      ],
      "warnings": [
        "Translation, simulation or extracting simulation results failed. IOError while reading /tmp/tmp-BESMod-3-sa6xqy7d/BESMod/BESMod.Systems.Hydraulical.Distribution.Tests.CombiStorage.mat generated by Systems/Hydraulical/Distribution/Tests/CombiStorage.mos.\nFile /tmp/tmp-BESMod-3-sa6xqy7d/BESMod/BESMod.Systems.Hydraulical.Distribution.Tests.CombiStorage.mat does not exist.\n",
        "",
        "",
        "",
        "",
        "",
        "",
        "",
        "",
        "",
        "",
        "",
        "",
        ""
      ]
    },
    "model": "BESMod.Systems.Hydraulical.Distribution.Tests.CombiStorage",
    "simulation": {
      "elapsed_time": 0,
      "final_time": 3600,
      "jacobians": 0,
      "start_time": 0,
      "state_events": 0,
      "success": false
    }
  },
  {
    "comparison": {
      "file_name": "BESMod.Systems.Hydraulical.Generation.Tests.GasBoiler.mat",
      "funnel_dirs": [
        null,
        null,
        null,
        null,
        null,
        null,
        null,
        null
      ],
      "success_rate": 0.0,
      "t_err_max": [
        0,
        0,
        0,
        0,
        0,
        0,
        0,
        0
      ],
      "test_passed": [
        0,
        0,
        0,
        0,
        0,
        0,
        0,
        0
      ],
      "var_groups": [
        0,
        0,
        1,
        1,
        2,
        2,
        3,
        3
      ],
      "variables": [
        "genControlBus.TBoiOut",
        "generation.TSup_nominal[1]",
        "fixedTemperature[1].port.Q_flow",
        "generation.Q_flow_design[1]",
        "pumDis[1].port_a.m_flow",
        "generation.m_flow_design[1]",
        "pumDis[1].dpControlled_dp.dp_actual",
        "generation.dp_design[1]"
      ],
      "warnings": [
        "Translation, simulation or extracting simulation results failed. IOError while reading /tmp/tmp-BESMod-3-sa6xqy7d/BESMod/BESMod.Systems.Hydraulical.Generation.Tests.GasBoiler.mat generated by Systems/Hydraulical/Generation/Tests/GasBoiler.mos.\nFile /tmp/tmp-BESMod-3-sa6xqy7d/BESMod/BESMod.Systems.Hydraulical.Generation.Tests.GasBoiler.mat does not exist.\n",
        "",
        "",
        "",
        "",
        "",
        "",
        ""
      ]
    },
    "model": "BESMod.Systems.Hydraulical.Generation.Tests.GasBoiler",
    "simulation": {
      "elapsed_time": 0,
      "final_time": 3600,
      "jacobians": 0,
      "start_time": 0,
      "state_events": 0,
      "success": false
    }
  },
  {
    "comparison": {
      "file_name": "BESMod.Systems.Hydraulical.Distribution.Tests.TwoStoDetailedIndirectLoading.mat",
      "funnel_dirs": [
        null,
        null,
        null,
        null,
        null,
        null,
        null,
        null,
        null,
        null
      ],
      "success_rate": 0.0,
      "t_err_max": [
        0,
        0,
        0,
        0,
        0,
        0,
        0,
        0,
        0,
        0
      ],
      "test_passed": [
        0,
        0,
        0,
        0,
        0,
        0,
        0,
        0,
        0,
        0
      ],
      "var_groups": [
        0,
        0,
        0,
        0,
        1,
        1,
        1,
        1,
        2,
        2
      ],
      "variables": [
        "resTra[1].m_flow",
        "resTra[1].m_flow_nominal",
        "resGen[1].m_flow",
        "resGen[1].m_flow_nominal",
        "distribution.pumTra.dpControlled_dp.dp_actual",
        "distribution.pumTra.dpControlled_dp.dp_nominal",
        "distribution.pumGen.dpControlled_dp.dp_actual",
        "distribution.pumGen.dpControlled_dp.dp_nominal",
        "fixTSup[1].T",
        "distribution.senTBuiSup.T"
      ],
      "warnings": [
        "Translation, simulation or extracting simulation results failed. IOError while reading /tmp/tmp-BESMod-3-sa6xqy7d/BESMod/BESMod.Systems.Hydraulical.Distribution.Tests.TwoStoDetailedIndirectLoading.mat generated by Systems/Hydraulical/Distribution/Tests/TwoStoDetailedIndirectLoading.mos.\nFile /tmp/tmp-BESMod-3-sa6xqy7d/BESMod/BESMod.Systems.Hydraulical.Distribution.Tests.TwoStoDetailedIndirectLoading.mat does not exist.\n",
        "",
        "",
        "",
        "",
        "",
        "",
        "",
        "",
        ""
      ]
    },
    "model": "BESMod.Systems.Hydraulical.Distribution.Tests.TwoStoDetailedIndirectLoading",
    "simulation": {
      "elapsed_time": 0,
      "final_time": 3600,
      "jacobians": 0,
      "start_time": 0,
      "state_events": 0,
      "success": false
    }
  }
]
